[debug] [2025-04-23T21:24:51.905Z] ----------------------------------------------------------------------
[debug] [2025-04-23T21:24:51.910Z] Command:       /Users/kelvintorver/.nvm/versions/node/v20.10.0/bin/node /Users/kelvintorver/.nvm/versions/node/v20.10.0/bin/firebase deploy
[debug] [2025-04-23T21:24:51.910Z] CLI Version:   14.2.0
[debug] [2025-04-23T21:24:51.910Z] Platform:      darwin
[debug] [2025-04-23T21:24:51.910Z] Node Version:  v20.10.0
[debug] [2025-04-23T21:24:51.910Z] Time:          Wed Apr 23 2025 22:24:51 GMT+0100 (West Africa Standard Time)
[debug] [2025-04-23T21:24:51.911Z] ----------------------------------------------------------------------
[debug] 
[debug] [2025-04-23T21:24:52.005Z] > command requires scopes: ["email","openid","https://www.googleapis.com/auth/cloudplatformprojects.readonly","https://www.googleapis.com/auth/firebase","https://www.googleapis.com/auth/cloud-platform"]
[debug] [2025-04-23T21:24:52.005Z] > authorizing via signed-in user (torazon45@gmail.com)
[debug] [2025-04-23T21:24:52.006Z] [iam] checking project torazon for permissions ["firebase.projects.get","firebasehosting.sites.update"]
[debug] [2025-04-23T21:24:52.006Z] Checked if tokens are valid: true, expires at: 1745445220843
[debug] [2025-04-23T21:24:52.006Z] Checked if tokens are valid: true, expires at: 1745445220843
[debug] [2025-04-23T21:24:52.007Z] >>> [apiv2][query] POST https://cloudresourcemanager.googleapis.com/v1/projects/torazon:testIamPermissions [none]
[debug] [2025-04-23T21:24:52.007Z] >>> [apiv2][(partial)header] POST https://cloudresourcemanager.googleapis.com/v1/projects/torazon:testIamPermissions x-goog-quota-user=projects/torazon
[debug] [2025-04-23T21:24:52.007Z] >>> [apiv2][body] POST https://cloudresourcemanager.googleapis.com/v1/projects/torazon:testIamPermissions {"permissions":["firebase.projects.get","firebasehosting.sites.update"]}
[debug] [2025-04-23T21:24:52.851Z] <<< [apiv2][status] POST https://cloudresourcemanager.googleapis.com/v1/projects/torazon:testIamPermissions 200
[debug] [2025-04-23T21:24:52.851Z] <<< [apiv2][body] POST https://cloudresourcemanager.googleapis.com/v1/projects/torazon:testIamPermissions {"permissions":["firebase.projects.get","firebasehosting.sites.update"]}
[debug] [2025-04-23T21:24:52.851Z] Checked if tokens are valid: true, expires at: 1745445220843
[debug] [2025-04-23T21:24:52.852Z] Checked if tokens are valid: true, expires at: 1745445220843
[debug] [2025-04-23T21:24:52.852Z] >>> [apiv2][query] GET https://firebase.googleapis.com/v1beta1/projects/torazon [none]
[debug] [2025-04-23T21:24:53.733Z] <<< [apiv2][status] GET https://firebase.googleapis.com/v1beta1/projects/torazon 200
[debug] [2025-04-23T21:24:53.733Z] <<< [apiv2][body] GET https://firebase.googleapis.com/v1beta1/projects/torazon {"projectId":"torazon","projectNumber":"367747729148","displayName":"Torazon","name":"projects/torazon","resources":{"hostingSite":"torazon"},"state":"ACTIVE","etag":"1_c4964f7d-7f7f-4c78-be96-a3d343eec3d4"}
[debug] [2025-04-23T21:24:54.744Z] Checked if tokens are valid: true, expires at: 1745445220843
[debug] [2025-04-23T21:24:54.744Z] Checked if tokens are valid: true, expires at: 1745445220843
[debug] [2025-04-23T21:24:54.745Z] >>> [apiv2][query] GET https://firebasehosting.googleapis.com/v1beta1/projects/torazon/sites pageToken=&pageSize=10
[debug] [2025-04-23T21:24:56.129Z] <<< [apiv2][status] GET https://firebasehosting.googleapis.com/v1beta1/projects/torazon/sites 200
[debug] [2025-04-23T21:24:56.129Z] <<< [apiv2][body] GET https://firebasehosting.googleapis.com/v1beta1/projects/torazon/sites {"sites":[{"name":"projects/torazon/sites/torazon","defaultUrl":"https://torazon.web.app","appId":"1:367747729148:web:6c8074e0177752c4857979","type":"DEFAULT_SITE"}]}
[debug] [2025-04-23T21:24:56.129Z] Checked if tokens are valid: true, expires at: 1745445220843
[debug] [2025-04-23T21:24:56.129Z] Checked if tokens are valid: true, expires at: 1745445220843
[debug] [2025-04-23T21:24:56.129Z] >>> [apiv2][query] GET https://firebase.googleapis.com/v1beta1/projects/-/webApps/1:367747729148:web:6c8074e0177752c4857979/config [none]
[debug] [2025-04-23T21:24:57.619Z] <<< [apiv2][status] GET https://firebase.googleapis.com/v1beta1/projects/-/webApps/1:367747729148:web:6c8074e0177752c4857979/config 200
[debug] [2025-04-23T21:24:57.619Z] <<< [apiv2][body] GET https://firebase.googleapis.com/v1beta1/projects/-/webApps/1:367747729148:web:6c8074e0177752c4857979/config {"projectId":"torazon","appId":"1:367747729148:web:6c8074e0177752c4857979","storageBucket":"torazon.firebasestorage.app","apiKey":"AIzaSyBxCQEd3s9gO5aPrjA5ShyhgCEN7mQi1a8","authDomain":"torazon.firebaseapp.com","messagingSenderId":"367747729148","measurementId":"G-2LRLER0ZXR"}
[info] 
   Thank you for trying our early preview of Next.js support on Firebase Hosting.
   During the preview, support is best-effort and breaking changes can be expected. Proceed with caution.
   The integration is known to work with Next.js version 12 - 15.0. You may encounter errors.

   Documentation: https://firebase.google.com/docs/hosting/frameworks/nextjs
   File a bug: https://github.com/firebase/firebase-tools/issues/new?template=bug_report.md
   Submit a feature request: https://github.com/firebase/firebase-tools/issues/new?template=feature_request.md

   We'd love to learn from you. Express your interest in helping us shape the future of Firebase Hosting: https://goo.gle/41enW5X

[debug] [2025-04-23T21:24:59.626Z] Checked if tokens are valid: true, expires at: 1745445220843
[debug] [2025-04-23T21:24:59.627Z] Checked if tokens are valid: true, expires at: 1745445220843
[debug] [2025-04-23T21:24:59.627Z] >>> [apiv2][query] GET https://firebasehosting.googleapis.com/v1beta1/projects/torazon/sites/torazon [none]
[debug] [2025-04-23T21:25:00.050Z] <<< [apiv2][status] GET https://firebasehosting.googleapis.com/v1beta1/projects/torazon/sites/torazon 200
[debug] [2025-04-23T21:25:00.051Z] <<< [apiv2][body] GET https://firebasehosting.googleapis.com/v1beta1/projects/torazon/sites/torazon {"name":"projects/torazon/sites/torazon","defaultUrl":"https://torazon.web.app","appId":"1:367747729148:web:6c8074e0177752c4857979","type":"DEFAULT_SITE"}
[info]    ▲ Next.js 15.2.3

[info]    - Environments: .env.local, .env.production


[info]    Creating an optimized production build ...

[info]  ✓ Compiled successfully

[info]    Linting and checking validity of types ...

[info] 
Failed to compile.

./src/app/(dashboard)/PageContent.tsx
11:10  Error: 'FeedSection' is defined but never used.  @typescript-eslint/no-unused-vars
12:10  Error: 'useSession' is defined but never used.  @typescript-eslint/no-unused-vars
13:10  Error: 'PostCard' is defined but never used.  @typescript-eslint/no-unused-vars
14:10  Error: 'MentionsInput' is defined but never used.  @typescript-eslint/no-unused-vars
14:25  Error: 'Mention' is defined but never used.  @typescript-eslint/no-unused-vars
35:29  Error: Unexpected any. Specify a different type.  @typescript-eslint/no-explicit-any
41:9  Error: 'toggleFeedType' is assigned a value but never used.  @typescript-eslint/no-unused-vars

./src/app/(dashboard)/StickySidebar.tsx
3:3  Error: 'Avatar' is defined but never used.  @typescript-eslint/no-unused-vars
84:23  Error: `'` can be escaped with `&apos;`, `&lsquo;`, `&#39;`, `&rsquo;`.  react/no-unescaped-entities

./src/app/(dashboard)/[username]/feed/[id]/FeedAppBar.tsx
5:8  Error: 'Link' is defined but never used.  @typescript-eslint/no-unused-vars
10:23  Error: 'item' is defined but never used.  @typescript-eslint/no-unused-vars

./src/app/(dashboard)/[username]/feed/[id]/FeedCardItem.tsx
19:8  Error: 'FavoriteBorderOutlinedIcon' is defined but never used.  @typescript-eslint/no-unused-vars
20:8  Error: 'FavoriteOutlinedIcon' is defined but never used.  @typescript-eslint/no-unused-vars
30:3  Error: 'CreateReplyDrawer' is defined but never used.  @typescript-eslint/no-unused-vars
38:52  Error: 'User' is defined but never used.  @typescript-eslint/no-unused-vars
43:10  Error: 'getTimeRemaining' is defined but never used.  @typescript-eslint/no-unused-vars
68:3  Error: 'isRadius' is assigned a value but never used.  @typescript-eslint/no-unused-vars
78:22  Error: Unexpected any. Specify a different type.  @typescript-eslint/no-explicit-any
79:21  Error: Unexpected any. Specify a different type.  @typescript-eslint/no-explicit-any
80:21  Error: Unexpected any. Specify a different type.  @typescript-eslint/no-explicit-any
109:9  Error: 'handlePost' is assigned a value but never used.  @typescript-eslint/no-unused-vars
734:21  Error: 'ev' is defined but never used.  @typescript-eslint/no-unused-vars
738:26  Error: 'ev' is defined but never used.  @typescript-eslint/no-unused-vars

./src/app/(dashboard)/[username]/feed/[id]/PageClient.tsx
32:10  Error: 'useRouter' is defined but never used.  @typescript-eslint/no-unused-vars
35:8  Error: 'useSWR' is defined but never used.  @typescript-eslint/no-unused-vars
35:18  Error: 'useSWRConfig' is defined but never used.  @typescript-eslint/no-unused-vars
44:21  Error: Unexpected any. Specify a different type.  @typescript-eslint/no-explicit-any
161:35  Error: 'isValidating' is assigned a value but never used.  @typescript-eslint/no-unused-vars
161:49  Error: 'size' is assigned a value but never used.  @typescript-eslint/no-unused-vars
176:29  Error: Unexpected any. Specify a different type.  @typescript-eslint/no-explicit-any
180:34  Error: Unexpected any. Specify a different type.  @typescript-eslint/no-explicit-any
487:27  Error: Expected an assignment or function call and instead saw an expression.  @typescript-eslint/no-unused-expressions
645:34  Error: Unexpected any. Specify a different type.  @typescript-eslint/no-explicit-any
651:28  Error: Unexpected any. Specify a different type.  @typescript-eslint/no-explicit-any
680:35  Error: Unexpected any. Specify a different type.  @typescript-eslint/no-explicit-any
688:28  Error: Unexpected any. Specify a different type.  @typescript-eslint/no-explicit-any
699:28  Error: 'id' is defined but never used.  @typescript-eslint/no-unused-vars
699:40  Error: 'replied' is defined but never used.  @typescript-eslint/no-unused-vars
699:58  Error: 'reply' is defined but never used.  @typescript-eslint/no-unused-vars
722:18  Error: Unexpected any. Specify a different type.  @typescript-eslint/no-explicit-any
733:18  Error: Unexpected any. Specify a different type.  @typescript-eslint/no-explicit-any
744:18  Error: Unexpected any. Specify a different type.  @typescript-eslint/no-explicit-any
755:18  Error: Unexpected any. Specify a different type.  @typescript-eslint/no-explicit-any
766:18  Error: Unexpected any. Specify a different type.  @typescript-eslint/no-explicit-any
777:18  Error: Unexpected any. Specify a different type.  @typescript-eslint/no-explicit-any
788:18  Error: Unexpected any. Specify a different type.  @typescript-eslint/no-explicit-any
806:6  Warning: React Hook useEffect has missing dependencies: 'updatePostAuthor', 'updatePostBookmarks', 'updatePostLikes', 'updatePostQuotes', 'updatePostReplies', 'updatePostReposts', 'updatePostShares', and 'user.id'. Either include them or remove the dependency array.  react-hooks/exhaustive-deps
822:6  Warning: React Hook useEffect has a missing dependency: 'parentChain.length'. Either include it or remove the dependency array.  react-hooks/exhaustive-deps

./src/app/(dashboard)/[username]/feed/[id]/ThreadCardItem.tsx
10:3  Error: 'Grid2' is defined but never used.  @typescript-eslint/no-unused-vars
20:8  Error: 'FavoriteBorderOutlinedIcon' is defined but never used.  @typescript-eslint/no-unused-vars
21:8  Error: 'FavoriteOutlinedIcon' is defined but never used.  @typescript-eslint/no-unused-vars
38:52  Error: 'User' is defined but never used.  @typescript-eslint/no-unused-vars
52:3  Error: 'isDivider' is defined but never used.  @typescript-eslint/no-unused-vars
64:22  Error: Unexpected any. Specify a different type.  @typescript-eslint/no-explicit-any
65:21  Error: Unexpected any. Specify a different type.  @typescript-eslint/no-explicit-any
71:21  Error: Unexpected any. Specify a different type.  @typescript-eslint/no-explicit-any
734:19  Error: 'ev' is defined but never used.  @typescript-eslint/no-unused-vars
738:24  Error: 'ev' is defined but never used.  @typescript-eslint/no-unused-vars

./src/app/(dashboard)/[username]/feed/[id]/[kind]/PageClient.tsx
54:25  Error: 'ev' is defined but never used.  @typescript-eslint/no-unused-vars

./src/app/(dashboard)/[username]/feed/[id]/[kind]/QuotesClient.tsx
5:8  Error: 'useSWR' is defined but never used.  @typescript-eslint/no-unused-vars
5:18  Error: 'useSWRConfig' is defined but never used.  @typescript-eslint/no-unused-vars
8:3  Error: 'getNewsfeed' is defined but never used.  @typescript-eslint/no-unused-vars
10:3  Error: 'getPostReplies' is defined but never used.  @typescript-eslint/no-unused-vars
16:8  Error: 'JSConfetti' is defined but never used.  @typescript-eslint/no-unused-vars
66:49  Error: 'size' is assigned a value but never used.  @typescript-eslint/no-unused-vars
359:35  Error: Unexpected any. Specify a different type.  @typescript-eslint/no-explicit-any
376:29  Error: Unexpected any. Specify a different type.  @typescript-eslint/no-explicit-any
382:34  Error: Unexpected any. Specify a different type.  @typescript-eslint/no-explicit-any
388:28  Error: Unexpected any. Specify a different type.  @typescript-eslint/no-explicit-any
417:18  Error: Unexpected any. Specify a different type.  @typescript-eslint/no-explicit-any
428:18  Error: Unexpected any. Specify a different type.  @typescript-eslint/no-explicit-any
439:18  Error: Unexpected any. Specify a different type.  @typescript-eslint/no-explicit-any
450:18  Error: Unexpected any. Specify a different type.  @typescript-eslint/no-explicit-any
461:18  Error: Unexpected any. Specify a different type.  @typescript-eslint/no-explicit-any
472:18  Error: Unexpected any. Specify a different type.  @typescript-eslint/no-explicit-any
484:18  Error: Unexpected any. Specify a different type.  @typescript-eslint/no-explicit-any
502:6  Warning: React Hook useEffect has missing dependencies: 'updatePostAuthor', 'updatePostBookmarks', 'updatePostLikes', 'updatePostQuotes', 'updatePostReplies', 'updatePostReposts', 'updatePostShares', and 'user.id'. Either include them or remove the dependency array.  react-hooks/exhaustive-deps

./src/app/(dashboard)/[username]/feed/[id]/[kind]/RepostsClient.tsx
11:3  Error: 'CardMedia' is defined but never used.  @typescript-eslint/no-unused-vars
134:35  Error: 'is
[info] Validating' is assigned a value but never used.  @typescript-eslint/no-unused-vars
134:49  Error: 'size' is assigned a value but never used.  @typescript-eslint/no-unused-vars

./src/app/(dashboard)/connections/DisplayClient.tsx
25:22  Error: Unexpected any. Specify a different type.  @typescript-eslint/no-explicit-any

./src/app/(dashboard)/connections/NearYouLocation.tsx
6:28  Error: 'useState' is defined but never used.  @typescript-eslint/no-unused-vars
21:8  Warning: React Hook useEffect has missing dependencies: 'notif' and 'token'. Either include them or remove the dependency array.  react-hooks/exhaustive-deps

./src/app/(dashboard)/connections/PageClient.tsx
44:11  Error: 'user' is assigned a value but never used.  @typescript-eslint/no-unused-vars
72:25  Error: 'ev' is defined but never used.  @typescript-eslint/no-unused-vars

./src/app/(dashboard)/layout.tsx
5:24  Error: Unexpected any. Specify a different type.  @typescript-eslint/no-explicit-any

./src/app/(dashboard)/settings/PageClient.tsx
34:14  Error: 'error' is defined but never used.  @typescript-eslint/no-unused-vars

./src/app/auth/signin/page.tsx
15:8  Error: 'Link' is defined but never used.  @typescript-eslint/no-unused-vars
18:29  Error: React Hook "React.useState" is called in function "page" that is neither a React function component nor a custom React Hook function. React component names must start with an uppercase letter. React Hook names must start with the word "use".  react-hooks/rules-of-hooks
27:9  Error: 'router' is assigned a value but never used.  @typescript-eslint/no-unused-vars
27:18  Error: React Hook "useRouter" is called in function "page" that is neither a React function component nor a custom React Hook function. React component names must start with an uppercase letter. React Hook names must start with the word "use".  react-hooks/rules-of-hooks
29:10  Error: 'showPassword' is assigned a value but never used.  @typescript-eslint/no-unused-vars
29:43  Error: React Hook "React.useState" is called in function "page" that is neither a React function component nor a custom React Hook function. React component names must start with an uppercase letter. React Hook names must start with the word "use".  react-hooks/rules-of-hooks
31:9  Error: 'handleClickShowPassword' is assigned a value but never used.  @typescript-eslint/no-unused-vars
33:9  Error: 'handleMouseDownPassword' is assigned a value but never used.  @typescript-eslint/no-unused-vars
39:9  Error: 'handleMouseUpPassword' is assigned a value but never used.  @typescript-eslint/no-unused-vars
73:21  Error: Unexpected any. Specify a different type.  @typescript-eslint/no-explicit-any

./src/auth.ts
6:10  Error: 'nanoid' is defined but never used.  @typescript-eslint/no-unused-vars
81:25  Error: Unexpected any. Specify a different type.  @typescript-eslint/no-explicit-any
122:25  Error: Unexpected any. Specify a different type.  @typescript-eslint/no-explicit-any
151:38  Error: Unexpected any. Specify a different type.  @typescript-eslint/no-explicit-any

./src/components/common/NotificationCard.tsx
10:3  Error: 'Stack' is defined but never used.  @typescript-eslint/no-unused-vars

./src/components/common/NotificationClient.tsx
26:30  Error: 'args' is defined but never used.  @typescript-eslint/no-unused-vars
48:35  Error: 'isValidating' is assigned a value but never used.  @typescript-eslint/no-unused-vars
48:49  Error: 'mutate' is assigned a value but never used.  @typescript-eslint/no-unused-vars

./src/components/common/NotificationContainer.tsx
22:32  Error: 'id' is defined but never used.  @typescript-eslint/no-unused-vars
37:9  Error: Unexpected any. Specify a different type.  @typescript-eslint/no-explicit-any

./src/components/common/NotificationServer.tsx
9:45  Error: 'userId' is defined but never used.  @typescript-eslint/no-unused-vars
15:49  Error: 'userId' is defined but never used.  @typescript-eslint/no-unused-vars

./src/components/common/SearchToolbar.tsx
3:17  Error: 'useState' is defined but never used.  @typescript-eslint/no-unused-vars
14:17  Error: Unexpected any. Specify a different type.  @typescript-eslint/no-explicit-any
30:9  Error: 'notif' is assigned a value but never used.  @typescript-eslint/no-unused-vars

./src/components/common/SearchVideoCard.tsx
11:3  Error: 'Stack' is defined but never used.  @typescript-eslint/no-unused-vars
25:9  Error: Unexpected any. Specify a different type.  @typescript-eslint/no-explicit-any
55:9  Error: Expected an assignment or function call and instead saw an expression.  @typescript-eslint/no-unused-expressions

./src/components/common/TopUserStories.tsx
16:3  Error: Unexpected var, use let or const instead.  no-var
96:11  Error: Missing "key" prop for element in iterator  react/jsx-key

./src/components/image-editor/ImageEditor.tsx
7:3  Error: 'CropperPreview' is defined but never used.  @typescript-eslint/no-unused-vars
10:10  Error: 'AdjustablePreviewBackground' is defined but never used.  @typescript-eslint/no-unused-vars
13:15  Error: 'IconButton' is defined but never used.  @typescript-eslint/no-unused-vars
13:35  Error: 'Typography' is defined but never used.  @typescript-eslint/no-unused-vars
21:3  Error: A `require()` style import is forbidden.  @typescript-eslint/no-require-imports
59:15  Error: 'setSrc' is assigned a value but never used.  @typescript-eslint/no-unused-vars
176:38  Error: '_thumb' is defined but never used.  @typescript-eslint/no-unused-vars

./src/components/image-editor/components/AdjustableCropperBackground.tsx
23:44  Error: Component definition is missing display name  react/display-name

./src/components/image-editor/components/AdjustableImage.tsx
46:6  Warning: React Hook useLayoutEffect has a missing dependency: 'drawImage'. Either include it or remove the dependency array.  react-hooks/exhaustive-deps

./src/components/image-editor/components/Navigation.tsx
2:17  Error: 'ChangeEvent' is defined but never used.  @typescript-eslint/no-unused-vars
2:34  Error: 'useRef' is defined but never used.  @typescript-eslint/no-unused-vars
38:5  Error: Expected an assignment or function call and instead saw an expression.  @typescript-eslint/no-unused-expressions
43:5  Error: Expected an assignment or function call and instead saw an expression.  @typescript-eslint/no-unused-expressions
53:10  Error: 'theme' is defined but never used.  @typescript-eslint/no-unused-vars

./src/components/post/AnimateLikeButton.tsx
35:13  Error: Unexpected any. Specify a different type.  @typescript-eslint/no-explicit-any

./src/components/post/AuthorHoverPreview.tsx
84:33  Error: Unexpected any. Specify a different type.  @typescript-eslint/no-explicit-any
280:32  Error: Optional chain expressions can return undefined by design - using a non-null assertion is unsafe and wrong.  @typescript-eslint/no-non-null-asserted-optional-chain

./src/components/post/CarouselContainer.tsx
64:21  Error: React Hook "useRef" is called conditionally. React Hooks must be called in the exact same order in every component render. Did you accidentally call a React Hook after an early return?  react-hooks/rules-of-hooks

./src/components/post/ContentEditor.tsx
117:7  Error: 'apiMentions' is assigned a value but never used.  @typescript-eslint/no-unused-vars
164:7  Error: 'hashTags' is assigned a value but never used.  @typescript-eslint/no-unused-vars
197:7  Error: 'apiHashtags' is assigned a value but never used.  @typescript-eslint/no-unused-vars
280:32  Error: 'keyword' is defined but never used.  @typescript-eslint/no-unused-vars
303:18  Error: 'error' is defined but never used.  @typescript-eslint/no-unused-vars
311:6  Warning: React Hook useMemo has a missing dependency: 'token'. Either include it or remove the dependency array.  react-hooks/exhaustive-deps
330:5  Error: Expected an assignment or function call and instead saw an expression.  @typescript-eslint/no-unused-expressions
339:6  Warning: React Hook useCallback has a missing dependency: 'onContentChange'. Either include it or remove the dependency array. If 'onContentChange' changes too often, find the parent component that defines it and wrap that definition in useCallback.  re
[info] act-hooks/exhaustive-deps

./src/components/post/CreatePollCard.tsx
45:9  Error: 'router' is assigned a value but never used.  @typescript-eslint/no-unused-vars
47:13  Error: 'token' is assigned a value but never used.  @typescript-eslint/no-unused-vars
47:20  Error: 'user' is assigned a value but never used.  @typescript-eslint/no-unused-vars
116:41  Error: Unexpected any. Specify a different type.  @typescript-eslint/no-explicit-any
121:41  Error: Unexpected any. Specify a different type.  @typescript-eslint/no-explicit-any

./src/components/post/CreatePostDrawer.tsx
15:3  Error: 'useMediaQuery' is defined but never used.  @typescript-eslint/no-unused-vars
49:10  Error: 'handleImagikPostFileUpload' is defined but never used.  @typescript-eslint/no-unused-vars
67:10  Error: 'ZodError' is defined but never used.  @typescript-eslint/no-unused-vars
70:10  Error: 'signInAnonymously' is defined but never used.  @typescript-eslint/no-unused-vars
71:10  Error: 'auth' is defined but never used.  @typescript-eslint/no-unused-vars
71:16  Error: 'signInAnon' is defined but never used.  @typescript-eslint/no-unused-vars
74:10  Error: 'CircularProgressWithLabel' is defined but never used.  @typescript-eslint/no-unused-vars
225:22  Error: Unexpected any. Specify a different type.  @typescript-eslint/no-explicit-any
235:9  Error: 'theme' is assigned a value but never used.  @typescript-eslint/no-unused-vars
248:41  Error: Unexpected any. Specify a different type.  @typescript-eslint/no-explicit-any
253:41  Error: Unexpected any. Specify a different type.  @typescript-eslint/no-explicit-any
265:41  Error: Unexpected any. Specify a different type.  @typescript-eslint/no-explicit-any
813:45  Error: 'index' is defined but never used.  @typescript-eslint/no-unused-vars
1050:39  Error: 'ev' is defined but never used.  @typescript-eslint/no-unused-vars

./src/components/post/CreateQuizCard.tsx
12:3  Error: 'Switch' is defined but never used.  @typescript-eslint/no-unused-vars
29:3  Error: 'CheckBox' is defined but never used.  @typescript-eslint/no-unused-vars
48:9  Error: 'router' is assigned a value but never used.  @typescript-eslint/no-unused-vars
50:13  Error: 'token' is assigned a value but never used.  @typescript-eslint/no-unused-vars
50:20  Error: 'user' is assigned a value but never used.  @typescript-eslint/no-unused-vars
132:41  Error: Unexpected any. Specify a different type.  @typescript-eslint/no-explicit-any
137:41  Error: Unexpected any. Specify a different type.  @typescript-eslint/no-explicit-any

./src/components/post/CreateQuoteDrawer.tsx
33:10  Error: 'createPost' is defined but never used.  @typescript-eslint/no-unused-vars
63:10  Error: 'CircularProgressWithLabel' is defined but never used.  @typescript-eslint/no-unused-vars
217:22  Error: Unexpected any. Specify a different type.  @typescript-eslint/no-explicit-any
233:9  Error: 'textareaRef' is assigned a value but never used.  @typescript-eslint/no-unused-vars
239:9  Error: 'isMDDown' is assigned a value but never used.  @typescript-eslint/no-unused-vars
250:41  Error: Unexpected any. Specify a different type.  @typescript-eslint/no-explicit-any
255:41  Error: Unexpected any. Specify a different type.  @typescript-eslint/no-explicit-any
259:41  Error: Unexpected any. Specify a different type.  @typescript-eslint/no-explicit-any
595:44  Error: Optional chain expressions can return undefined by design - using a non-null assertion is unsafe and wrong.  @typescript-eslint/no-non-null-asserted-optional-chain
602:23  Error: Optional chain expressions can return undefined by design - using a non-null assertion is unsafe and wrong.  @typescript-eslint/no-non-null-asserted-optional-chain
691:45  Error: 'index' is defined but never used.  @typescript-eslint/no-unused-vars
861:39  Error: 'ev' is defined but never used.  @typescript-eslint/no-unused-vars

./src/components/post/CreateReplyDrawer.tsx
11:3  Error: 'SwipeableDrawer' is defined but never used.  @typescript-eslint/no-unused-vars
12:3  Error: 'Divider' is defined but never used.  @typescript-eslint/no-unused-vars
18:3  Error: 'ArrowBack' is defined but never used.  @typescript-eslint/no-unused-vars
19:3  Error: 'SendOutlined' is defined but never used.  @typescript-eslint/no-unused-vars
22:3  Error: 'AddOutlined' is defined but never used.  @typescript-eslint/no-unused-vars
23:3  Error: 'DeleteOutlineOutlined' is defined but never used.  @typescript-eslint/no-unused-vars
31:35  Error: 'useEffect' is defined but never used.  @typescript-eslint/no-unused-vars
37:10  Error: 'createPost' is defined but never used.  @typescript-eslint/no-unused-vars
37:22  Error: 'createPostQuote' is defined but never used.  @typescript-eslint/no-unused-vars
55:10  Error: 'handleImagikPostFileUpload' is defined but never used.  @typescript-eslint/no-unused-vars
103:22  Error: Unexpected any. Specify a different type.  @typescript-eslint/no-explicit-any
125:38  Error: Unexpected any. Specify a different type.  @typescript-eslint/no-explicit-any
147:5  Error: 'id' is defined but never used.  @typescript-eslint/no-unused-vars
234:41  Error: Unexpected any. Specify a different type.  @typescript-eslint/no-explicit-any
243:41  Error: Unexpected any. Specify a different type.  @typescript-eslint/no-explicit-any
247:41  Error: Unexpected any. Specify a different type.  @typescript-eslint/no-explicit-any
388:44  Error: Optional chain expressions can return undefined by design - using a non-null assertion is unsafe and wrong.  @typescript-eslint/no-non-null-asserted-optional-chain
395:25  Error: Optional chain expressions can return undefined by design - using a non-null assertion is unsafe and wrong.  @typescript-eslint/no-non-null-asserted-optional-chain

./src/components/post/DisplayPollItem.tsx
7:3  Error: 'IconButton' is defined but never used.  @typescript-eslint/no-unused-vars

./src/components/post/DisplayQuizItem.tsx
7:3  Error: 'IconButton' is defined but never used.  @typescript-eslint/no-unused-vars

./src/components/post/EditImageDrawer.tsx
36:23  Error: Component definition is missing display name  react/display-name
115:21  Error: Component definition is missing display name  react/display-name
227:24  Error: Unexpected any. Specify a different type.  @typescript-eslint/no-explicit-any
261:18  Error: 'ev' is defined but never used.  @typescript-eslint/no-unused-vars
333:29  Error: 'ev' is defined but never used.  @typescript-eslint/no-unused-vars
349:29  Error: 'ev' is defined but never used.  @typescript-eslint/no-unused-vars
365:29  Error: 'ev' is defined but never used.  @typescript-eslint/no-unused-vars

./src/components/post/FeedCardItem.tsx
46:24  Error: Unexpected any. Specify a different type.  @typescript-eslint/no-explicit-any
47:22  Error: Unexpected any. Specify a different type.  @typescript-eslint/no-explicit-any
48:21  Error: Unexpected any. Specify a different type.  @typescript-eslint/no-explicit-any
49:24  Error: Unexpected any. Specify a different type.  @typescript-eslint/no-explicit-any
113:10  Error: 'theme' is defined but never used.  @typescript-eslint/no-unused-vars
177:31  Error: 'ev' is defined but never used.  @typescript-eslint/no-unused-vars
538:19  Error: 'ev' is defined but never used.  @typescript-eslint/no-unused-vars
542:24  Error: 'ev' is defined but never used.  @typescript-eslint/no-unused-vars

./src/components/post/FeedMediaCarousel.tsx
6:15  Error: 'IconButton' is defined but never used.  @typescript-eslint/no-unused-vars
6:27  Error: 'Stack' is defined but never used.  @typescript-eslint/no-unused-vars
8:8  Error: 'ArrowForwardIosOutlinedIcon' is defined but never used.  @typescript-eslint/no-unused-vars
9:8  Error: 'ArrowBackIosNewOutlinedIcon' is defined but never used.  @typescript-eslint/no-unused-vars

./src/components/post/FeedMediaItem.tsx
12:23  Error: Component definition is missing display name  react/display-name
26:31  Error: Unexpected any. Specify a different type.  @typescript-eslint/no-explicit-any

./src/components/post/FeedQuoteActionDrawer.tsx
8:3  Error: 'Grid2' is defined but never used.  @typescript-eslint/no-unused-vars
9:3  Error: 'Typography' is defined but never used.  @typescript-
[info] eslint/no-unused-vars
17:10  Error: 'ArrowBack' is defined but never used.  @typescript-eslint/no-unused-vars
17:21  Error: 'Check' is defined but never used.  @typescript-eslint/no-unused-vars
19:8  Error: 'QuickreplyOutlinedIcon' is defined but never used.  @typescript-eslint/no-unused-vars
32:22  Error: Unexpected any. Specify a different type.  @typescript-eslint/no-explicit-any
40:10  Error: 'state' is assigned a value but never used.  @typescript-eslint/no-unused-vars
40:17  Error: 'setState' is assigned a value but never used.  @typescript-eslint/no-unused-vars
66:16  Error: 'ev' is defined but never used.  @typescript-eslint/no-unused-vars

./src/components/post/FeedQuoteItem.tsx
6:3  Error: 'Badge' is defined but never used.  @typescript-eslint/no-unused-vars
10:3  Error: 'IconButton' is defined but never used.  @typescript-eslint/no-unused-vars
17:42  Error: 'User' is defined but never used.  @typescript-eslint/no-unused-vars
27:11  Error: 'token' is assigned a value but never used.  @typescript-eslint/no-unused-vars
27:18  Error: 'user' is assigned a value but never used.  @typescript-eslint/no-unused-vars

./src/components/post/FeedSocialShare.tsx
19:5  Error: 'GabShareButton' is defined but never used.  @typescript-eslint/no-unused-vars
20:5  Error: 'HatenaShareButton' is defined but never used.  @typescript-eslint/no-unused-vars
21:5  Error: 'InstapaperShareButton' is defined but never used.  @typescript-eslint/no-unused-vars
22:5  Error: 'LineShareButton' is defined but never used.  @typescript-eslint/no-unused-vars
25:5  Error: 'MailruShareButton' is defined but never used.  @typescript-eslint/no-unused-vars
26:5  Error: 'OKShareButton' is defined but never used.  @typescript-eslint/no-unused-vars
27:5  Error: 'PinterestShareButton' is defined but never used.  @typescript-eslint/no-unused-vars
28:5  Error: 'PocketShareButton' is defined but never used.  @typescript-eslint/no-unused-vars
32:5  Error: 'TumblrShareButton' is defined but never used.  @typescript-eslint/no-unused-vars
35:5  Error: 'VKShareButton' is defined but never used.  @typescript-eslint/no-unused-vars
37:5  Error: 'WorkplaceShareButton' is defined but never used.  @typescript-eslint/no-unused-vars
38:5  Error: 'BlueskyShareButton' is defined but never used.  @typescript-eslint/no-unused-vars
45:5  Error: 'GabIcon' is defined but never used.  @typescript-eslint/no-unused-vars
46:5  Error: 'HatenaIcon' is defined but never used.  @typescript-eslint/no-unused-vars
47:5  Error: 'InstapaperIcon' is defined but never used.  @typescript-eslint/no-unused-vars
48:5  Error: 'LineIcon' is defined but never used.  @typescript-eslint/no-unused-vars
51:5  Error: 'MailruIcon' is defined but never used.  @typescript-eslint/no-unused-vars
52:5  Error: 'OKIcon' is defined but never used.  @typescript-eslint/no-unused-vars
53:5  Error: 'PinterestIcon' is defined but never used.  @typescript-eslint/no-unused-vars
54:5  Error: 'PocketIcon' is defined but never used.  @typescript-eslint/no-unused-vars
58:5  Error: 'TumblrIcon' is defined but never used.  @typescript-eslint/no-unused-vars
59:5  Error: 'TwitterIcon' is defined but never used.  @typescript-eslint/no-unused-vars
61:5  Error: 'VKIcon' is defined but never used.  @typescript-eslint/no-unused-vars
62:5  Error: 'WeiboIcon' is defined but never used.  @typescript-eslint/no-unused-vars
64:5  Error: 'WorkplaceIcon' is defined but never used.  @typescript-eslint/no-unused-vars
66:5  Error: 'BlueskyIcon' is defined but never used.  @typescript-eslint/no-unused-vars
68:10  Error: 'toast' is defined but never used.  @typescript-eslint/no-unused-vars
78:22  Error: Unexpected any. Specify a different type.  @typescript-eslint/no-explicit-any
90:28  Error: Unexpected any. Specify a different type.  @typescript-eslint/no-explicit-any
90:33  Error: 'kind' is defined but never used.  @typescript-eslint/no-unused-vars
95:32  Error: Unexpected any. Specify a different type.  @typescript-eslint/no-explicit-any
95:37  Error: 'kind' is defined but never used.  @typescript-eslint/no-unused-vars
116:16  Error: 'ev' is defined but never used.  @typescript-eslint/no-unused-vars

./src/components/post/ForYouNewsfeed.tsx
15:8  Error: 'JSConfetti' is defined but never used.  @typescript-eslint/no-unused-vars
19:8  Error: 'FeedQuoteAction' is defined but never used.  @typescript-eslint/no-unused-vars
37:47  Error: Unexpected any. Specify a different type.  @typescript-eslint/no-explicit-any
85:33  Error: Unexpected any. Specify a different type.  @typescript-eslint/no-explicit-any
343:35  Error: Unexpected any. Specify a different type.  @typescript-eslint/no-explicit-any
360:29  Error: Unexpected any. Specify a different type.  @typescript-eslint/no-explicit-any
366:34  Error: Unexpected any. Specify a different type.  @typescript-eslint/no-explicit-any
372:28  Error: Unexpected any. Specify a different type.  @typescript-eslint/no-explicit-any
401:18  Error: Unexpected any. Specify a different type.  @typescript-eslint/no-explicit-any
412:18  Error: Unexpected any. Specify a different type.  @typescript-eslint/no-explicit-any
423:18  Error: Unexpected any. Specify a different type.  @typescript-eslint/no-explicit-any
434:18  Error: Unexpected any. Specify a different type.  @typescript-eslint/no-explicit-any
445:18  Error: Unexpected any. Specify a different type.  @typescript-eslint/no-explicit-any
456:18  Error: Unexpected any. Specify a different type.  @typescript-eslint/no-explicit-any
468:18  Error: Unexpected any. Specify a different type.  @typescript-eslint/no-explicit-any
486:6  Warning: React Hook useEffect has missing dependencies: 'updatePostAuthor', 'updatePostBookmarks', 'updatePostLikes', 'updatePostQuotes', 'updatePostReplies', 'updatePostReposts', 'updatePostShares', and 'user.id'. Either include them or remove the dependency array.  react-hooks/exhaustive-deps
503:24  Error: 'index' is defined but never used.  @typescript-eslint/no-unused-vars

./src/components/post/MediaItem.tsx
23:19  Error: Component definition is missing display name  react/display-name
26:3  Error: 'isSingle' is defined but never used.  @typescript-eslint/no-unused-vars
43:29  Error: Unexpected any. Specify a different type.  @typescript-eslint/no-explicit-any
48:30  Error: Unexpected any. Specify a different type.  @typescript-eslint/no-explicit-any
75:23  Error: 'ev' is defined but never used.  @typescript-eslint/no-unused-vars
113:16  Error: 'theme' is defined but never used.  @typescript-eslint/no-unused-vars

./src/components/post/MediaPreview.tsx
5:3  Error: 'Grid2' is defined but never used.  @typescript-eslint/no-unused-vars
7:3  Error: 'Button' is defined but never used.  @typescript-eslint/no-unused-vars
8:3  Error: 'Typography' is defined but never used.  @typescript-eslint/no-unused-vars
21:10  Error: 'openLink' is defined but never used.  @typescript-eslint/no-unused-vars
129:22  Error: Unexpected any. Specify a different type.  @typescript-eslint/no-explicit-any
157:16  Error: 'ev' is defined but never used.  @typescript-eslint/no-unused-vars

./src/components/post/PollDurationDrawer.tsx
41:22  Error: Unexpected any. Specify a different type.  @typescript-eslint/no-explicit-any
105:16  Error: 'ev' is defined but never used.  @typescript-eslint/no-unused-vars
159:54  Error: 'i' is defined but never used.  @typescript-eslint/no-unused-vars
179:55  Error: 'i' is defined but never used.  @typescript-eslint/no-unused-vars
199:57  Error: 'i' is defined but never used.  @typescript-eslint/no-unused-vars

./src/components/post/PollSettingsDrawer.tsx
32:10  Error: 'toast' is defined but never used.  @typescript-eslint/no-unused-vars
87:21  Error: 'ev' is defined but never used.  @typescript-eslint/no-unused-vars
153:21  Error: 'ev' is defined but never used.  @typescript-eslint/no-unused-vars
197:22  Error: Unexpected any. Specify a different type.  @typescript-eslint/no-explicit-any
234:34  Error: 'ev' is defined but never used.  @typescript-eslint/no-unused-vars
316:16  Error: 'ev' is defined but never used.  @typescript-eslint/no-unused-vars

./src/components/post/PostLocationDrawer.tsx
22:10  Error: 'useCurrentLocation' is defined but never
[info]  used.  @typescript-eslint/no-unused-vars
40:3  Error: 'location' is defined but never used.  @typescript-eslint/no-unused-vars
44:22  Error: Unexpected any. Specify a different type.  @typescript-eslint/no-explicit-any
88:16  Error: 'ev' is defined but never used.  @typescript-eslint/no-unused-vars

./src/components/post/PostScheduleDrawer.tsx
31:22  Error: Unexpected any. Specify a different type.  @typescript-eslint/no-explicit-any
62:17  Error: 'ev' is defined but never used.  @typescript-eslint/no-unused-vars
63:16  Error: 'ev' is defined but never used.  @typescript-eslint/no-unused-vars

./src/components/post/PostSettingsDrawer.tsx
66:22  Error: Unexpected any. Specify a different type.  @typescript-eslint/no-explicit-any
95:16  Error: 'ev' is defined but never used.  @typescript-eslint/no-unused-vars
156:34  Error: 'ev' is defined but never used.  @typescript-eslint/no-unused-vars

./src/components/post/QuizDurationDrawer.tsx
41:22  Error: Unexpected any. Specify a different type.  @typescript-eslint/no-explicit-any
105:16  Error: 'ev' is defined but never used.  @typescript-eslint/no-unused-vars
159:54  Error: 'i' is defined but never used.  @typescript-eslint/no-unused-vars
179:55  Error: 'i' is defined but never used.  @typescript-eslint/no-unused-vars
199:57  Error: 'i' is defined but never used.  @typescript-eslint/no-unused-vars

./src/components/post/QuizSettingsDrawer.tsx
33:10  Error: 'toast' is defined but never used.  @typescript-eslint/no-unused-vars
87:21  Error: 'ev' is defined but never used.  @typescript-eslint/no-unused-vars
153:21  Error: 'ev' is defined but never used.  @typescript-eslint/no-unused-vars
197:22  Error: Unexpected any. Specify a different type.  @typescript-eslint/no-explicit-any
236:29  Error: 'ev' is defined but never used.  @typescript-eslint/no-unused-vars
324:16  Error: 'ev' is defined but never used.  @typescript-eslint/no-unused-vars

./src/components/post/RepostPopover.tsx
6:8  Error: 'Link' is defined but never used.  @typescript-eslint/no-unused-vars

./src/components/post/TagPeopleDrawer.tsx
7:3  Error: 'Grid2' is defined but never used.  @typescript-eslint/no-unused-vars
24:10  Error: 'ArrowBack' is defined but never used.  @typescript-eslint/no-unused-vars
38:22  Error: Unexpected any. Specify a different type.  @typescript-eslint/no-explicit-any
59:16  Error: 'error' is defined but never used.  @typescript-eslint/no-unused-vars
107:9  Error: 'handleCloseDrawer' is assigned a value but never used.  @typescript-eslint/no-unused-vars
130:16  Error: 'ev' is defined but never used.  @typescript-eslint/no-unused-vars

./src/components/post/VideoJsPlayer.tsx
3:26  Error: 'poster' is defined but never used.  @typescript-eslint/no-unused-vars
3:34  Error: 'options' is defined but never used.  @typescript-eslint/no-unused-vars
3:43  Error: 'onReady' is defined but never used.  @typescript-eslint/no-unused-vars
3:52  Error: 'onPlay' is defined but never used.  @typescript-eslint/no-unused-vars
3:60  Error: 'onPause' is defined but never used.  @typescript-eslint/no-unused-vars
3:81  Error: Unexpected any. Specify a different type.  @typescript-eslint/no-explicit-any
3:95  Error: Unexpected any. Specify a different type.  @typescript-eslint/no-explicit-any
3:109  Error: Unexpected any. Specify a different type.  @typescript-eslint/no-explicit-any
3:122  Error: Unexpected any. Specify a different type.  @typescript-eslint/no-explicit-any
3:136  Error: Unexpected any. Specify a different type.  @typescript-eslint/no-explicit-any

./src/components/post/VideoMediaItem.tsx
19:29  Error: Unexpected any. Specify a different type.  @typescript-eslint/no-explicit-any
25:9  Error: 'isMobile' is assigned a value but never used.  @typescript-eslint/no-unused-vars

./src/components/post/hashtag.tsx
34:18  Error: Unexpected any. Specify a different type.  @typescript-eslint/no-explicit-any
179:24  Error: Unexpected any. Specify a different type.  @typescript-eslint/no-explicit-any
372:9  Error: Expected an assignment or function call and instead saw an expression.  @typescript-eslint/no-unused-expressions

./src/components/post/mention.tsx
23:18  Error: Unexpected any. Specify a different type.  @typescript-eslint/no-explicit-any
172:24  Error: Unexpected any. Specify a different type.  @typescript-eslint/no-explicit-any
367:9  Error: Expected an assignment or function call and instead saw an expression.  @typescript-eslint/no-unused-expressions

./src/components/sections/ConnectionClient.tsx
8:17  Error: 'useState' is defined but never used.  @typescript-eslint/no-unused-vars

./src/config/axios.ts
8:40  Error: 'timeoutMs' is defined but never used.  @typescript-eslint/no-unused-vars
14:42  Error: 'resolve' is defined but never used.  @typescript-eslint/no-unused-vars
15:13  Error: 'timeout' is never reassigned. Use 'const' instead.  prefer-const
15:13  Error: 'timeout' is assigned a value but never used.  @typescript-eslint/no-unused-vars
77:22  Error: Unexpected any. Specify a different type.  @typescript-eslint/no-explicit-any

./src/context/SSEContext.tsx
16:36  Error: Unexpected any. Specify a different type.  @typescript-eslint/no-explicit-any
32:65  Error: Unexpected any. Specify a different type.  @typescript-eslint/no-explicit-any
57:33  Error: Unexpected any. Specify a different type.  @typescript-eslint/no-explicit-any
88:18  Error: Unexpected any. Specify a different type.  @typescript-eslint/no-explicit-any
99:6  Warning: React Hook useEffect has missing dependencies: 'notif', 'updateConnection', and 'user.id'. Either include them or remove the dependency array.  react-hooks/exhaustive-deps

./src/context/SocketIoContext.tsx
2:18  Error: 'appUrl' is defined but never used.  @typescript-eslint/no-unused-vars
62:34  Error: Unexpected any. Specify a different type.  @typescript-eslint/no-explicit-any
231:6  Warning: React Hook useEffect has a missing dependency: 'token'. Either include it or remove the dependency array.  react-hooks/exhaustive-deps

./src/firebase/index.ts
4:10  Error: 'getAnalytics' is defined but never used.  @typescript-eslint/no-unused-vars

./src/lib/auth/index.ts
10:23  Error: Unexpected any. Specify a different type.  @typescript-eslint/no-explicit-any
17:14  Error: Unexpected any. Specify a different type.  @typescript-eslint/no-explicit-any

./src/lib/coins/index.ts
11:21  Error: Unexpected any. Specify a different type.  @typescript-eslint/no-explicit-any
23:21  Error: Unexpected any. Specify a different type.  @typescript-eslint/no-explicit-any
33:21  Error: Unexpected any. Specify a different type.  @typescript-eslint/no-explicit-any

./src/lib/games/index.ts
12:21  Error: Unexpected any. Specify a different type.  @typescript-eslint/no-explicit-any
23:21  Error: Unexpected any. Specify a different type.  @typescript-eslint/no-explicit-any
33:21  Error: Unexpected any. Specify a different type.  @typescript-eslint/no-explicit-any
44:21  Error: Unexpected any. Specify a different type.  @typescript-eslint/no-explicit-any
55:21  Error: Unexpected any. Specify a different type.  @typescript-eslint/no-explicit-any
65:21  Error: Unexpected any. Specify a different type.  @typescript-eslint/no-explicit-any
77:21  Error: Unexpected any. Specify a different type.  @typescript-eslint/no-explicit-any
87:21  Error: Unexpected any. Specify a different type.  @typescript-eslint/no-explicit-any

./src/lib/imagekit/index.ts
25:20  Error: Unexpected any. Specify a different type.  @typescript-eslint/no-explicit-any
53:20  Error: Unexpected any. Specify a different type.  @typescript-eslint/no-explicit-any

./src/lib/locations/index.tsx
10:21  Error: Unexpected any. Specify a different type.  @typescript-eslint/no-explicit-any

./src/lib/posts/index.ts
12:19  Error: Unexpected any. Specify a different type.  @typescript-eslint/no-explicit-any
17:51  Error: Unexpected any. Specify a different type.  @typescript-eslint/no-explicit-any
22:21  Error: Unexpected any. Specify a different type.  @typescript-eslint/no-explicit-any
32:19  Error: Unexpected any. Specify a different type.  @typescript-eslint/no-explicit-any
42:19  Error: Unexpected any. Specify a different type.  @typescript-esl
[info] int/no-explicit-any
52:19  Error: Unexpected any. Specify a different type.  @typescript-eslint/no-explicit-any
63:19  Error: Unexpected any. Specify a different type.  @typescript-eslint/no-explicit-any
73:19  Error: Unexpected any. Specify a different type.  @typescript-eslint/no-explicit-any
83:19  Error: Unexpected any. Specify a different type.  @typescript-eslint/no-explicit-any
93:19  Error: Unexpected any. Specify a different type.  @typescript-eslint/no-explicit-any
103:19  Error: Unexpected any. Specify a different type.  @typescript-eslint/no-explicit-any
114:19  Error: Unexpected any. Specify a different type.  @typescript-eslint/no-explicit-any
125:19  Error: Unexpected any. Specify a different type.  @typescript-eslint/no-explicit-any
136:19  Error: Unexpected any. Specify a different type.  @typescript-eslint/no-explicit-any

./src/lib/subscriptions/index.ts
51:19  Error: Unexpected any. Specify a different type.  @typescript-eslint/no-explicit-any
61:19  Error: Unexpected any. Specify a different type.  @typescript-eslint/no-explicit-any

./src/lib/swrHooks/index.ts
26:53  Error: '_' is defined but never used.  @typescript-eslint/no-unused-vars
50:15  Error: 'res' is never reassigned. Use 'const' instead.  prefer-const
53:25  Error: Unexpected any. Specify a different type.  @typescript-eslint/no-explicit-any
64:11  Error: 'res' is never reassigned. Use 'const' instead.  prefer-const
67:21  Error: Unexpected any. Specify a different type.  @typescript-eslint/no-explicit-any
80:11  Error: 'res' is never reassigned. Use 'const' instead.  prefer-const
82:21  Error: Unexpected any. Specify a different type.  @typescript-eslint/no-explicit-any

./src/lib/tasks/index.ts
16:21  Error: Unexpected any. Specify a different type.  @typescript-eslint/no-explicit-any
26:21  Error: Unexpected any. Specify a different type.  @typescript-eslint/no-explicit-any

./src/lib/users/index.ts
19:21  Error: Unexpected any. Specify a different type.  @typescript-eslint/no-explicit-any
36:21  Error: Unexpected any. Specify a different type.  @typescript-eslint/no-explicit-any
50:21  Error: Unexpected any. Specify a different type.  @typescript-eslint/no-explicit-any
60:21  Error: Unexpected any. Specify a different type.  @typescript-eslint/no-explicit-any
70:21  Error: Unexpected any. Specify a different type.  @typescript-eslint/no-explicit-any
81:21  Error: Unexpected any. Specify a different type.  @typescript-eslint/no-explicit-any
91:21  Error: Unexpected any. Specify a different type.  @typescript-eslint/no-explicit-any
102:21  Error: Unexpected any. Specify a different type.  @typescript-eslint/no-explicit-any

./src/lib/wallets/index.ts
11:21  Error: Unexpected any. Specify a different type.  @typescript-eslint/no-explicit-any
17:138  Error: Unexpected any. Specify a different type.  @typescript-eslint/no-explicit-any
22:21  Error: Unexpected any. Specify a different type.  @typescript-eslint/no-explicit-any
32:21  Error: Unexpected any. Specify a different type.  @typescript-eslint/no-explicit-any
37:136  Error: Unexpected any. Specify a different type.  @typescript-eslint/no-explicit-any
42:21  Error: Unexpected any. Specify a different type.  @typescript-eslint/no-explicit-any

./src/providers/NextjsAppProvider.tsx
5:8  Error: 'ChatOutlinedIcon' is defined but never used.  @typescript-eslint/no-unused-vars
11:8  Error: 'PeopleOutlineOutlinedIcon' is defined but never used.  @typescript-eslint/no-unused-vars
12:8  Error: 'EmojiEventsOutlinedIcon' is defined but never used.  @typescript-eslint/no-unused-vars
15:8  Error: 'AdsClickOutlinedIcon' is defined but never used.  @typescript-eslint/no-unused-vars
18:8  Error: 'OfflineBoltOutlinedIcon' is defined but never used.  @typescript-eslint/no-unused-vars
19:8  Error: 'SmartDisplayOutlinedIcon' is defined but never used.  @typescript-eslint/no-unused-vars
20:8  Error: 'MusicNoteOutlinedIcon' is defined but never used.  @typescript-eslint/no-unused-vars
28:8  Error: 'EventAvailableOutlinedIcon' is defined but never used.  @typescript-eslint/no-unused-vars
29:8  Error: 'PaidOutlinedIcon' is defined but never used.  @typescript-eslint/no-unused-vars
35:8  Error: 'StreamOutlinedIcon' is defined but never used.  @typescript-eslint/no-unused-vars
38:8  Error: 'Groups3OutlinedIcon' is defined but never used.  @typescript-eslint/no-unused-vars
39:8  Error: 'OutlinedFlagOutlinedIcon' is defined but never used.  @typescript-eslint/no-unused-vars
40:8  Error: 'LiveTvOutlinedIcon' is defined but never used.  @typescript-eslint/no-unused-vars
41:8  Error: 'DynamicFeedOutlinedIcon' is defined but never used.  @typescript-eslint/no-unused-vars
42:8  Error: 'ArticleOutlinedIcon' is defined but never used.  @typescript-eslint/no-unused-vars
43:8  Error: 'PersonPinCircleOutlinedIcon' is defined but never used.  @typescript-eslint/no-unused-vars
44:8  Error: 'PersonSearchOutlinedIcon' is defined but never used.  @typescript-eslint/no-unused-vars
45:8  Error: 'MenuBookOutlinedIcon' is defined but never used.  @typescript-eslint/no-unused-vars
46:8  Error: 'HelpOutlineOutlinedIcon' is defined but never used.  @typescript-eslint/no-unused-vars
47:8  Error: 'FeedbackOutlinedIcon' is defined but never used.  @typescript-eslint/no-unused-vars
48:8  Error: 'FeedOutlinedIcon' is defined but never used.  @typescript-eslint/no-unused-vars
49:8  Error: 'ShopOutlinedIcon' is defined but never used.  @typescript-eslint/no-unused-vars
51:8  Error: 'ExpandCircleDownOutlinedIcon' is defined but never used.  @typescript-eslint/no-unused-vars
53:8  Error: 'Person3OutlinedIcon' is defined but never used.  @typescript-eslint/no-unused-vars

./src/types/index.ts
271:12  Error: Unexpected any. Specify a different type.  @typescript-eslint/no-explicit-any
481:24  Error: Unexpected any. Specify a different type.  @typescript-eslint/no-explicit-any
499:28  Error: Unexpected any. Specify a different type.  @typescript-eslint/no-explicit-any
566:27  Error: Unexpected any. Specify a different type.  @typescript-eslint/no-explicit-any
594:15  Error: Unexpected any. Specify a different type.  @typescript-eslint/no-explicit-any
595:11  Error: Unexpected any. Specify a different type.  @typescript-eslint/no-explicit-any
627:27  Error: Unexpected any. Specify a different type.  @typescript-eslint/no-explicit-any
655:19  Error: Unexpected any. Specify a different type.  @typescript-eslint/no-explicit-any
680:25  Error: Unexpected any. Specify a different type.  @typescript-eslint/no-explicit-any

./src/types/user.ts
10:20  Error: Unexpected any. Specify a different type.  @typescript-eslint/no-explicit-any

./src/utils/index.ts
44:12  Error: 'error' is defined but never used.  @typescript-eslint/no-unused-vars
136:40  Error: Unexpected any. Specify a different type.  @typescript-eslint/no-explicit-any
156:19  Error: Unexpected any. Specify a different type.  @typescript-eslint/no-explicit-any
188:9  Error: Unexpected any. Specify a different type.  @typescript-eslint/no-explicit-any
202:10  Error: Unexpected any. Specify a different type.  @typescript-eslint/no-explicit-any
203:9  Error: Unexpected any. Specify a different type.  @typescript-eslint/no-explicit-any
215:56  Error: Unexpected any. Specify a different type.  @typescript-eslint/no-explicit-any

./src/utils/location.ts
10:14  Error: 'e' is defined but never used.  @typescript-eslint/no-unused-vars
19:34  Error: 'reject' is defined but never used.  @typescript-eslint/no-unused-vars

info  - Need to disable some ESLint rules? Learn more here: https://nextjs.org/docs/app/api-reference/config/eslint#disabling-rules

[debug] [2025-04-23T21:25:25.462Z] Error: ENOENT: no such file or directory, open '/Users/kelvintorver/work/torazon/client/.next/export-marker.json'
[error] 
[error] Error: An unexpected error has occurred.
